=== DEBUG LOG STARTED ===

=== GAME INITIALIZATION STARTED ===

=== MainMenu::InitializeSaveSelection ===
Mode: 0
Current MainMenu state: 0
=== SaveSelectionMenu CONSTRUCTOR ===
Mode: 0
Initial state: 0
Selected slot: 1
Constructor completed. Saves count: 5
=== END CONSTRUCTOR ===
SaveSelectionMenu Initialize() - State reset to MAIN_LIST
Current state after init: 0
New SaveSelectionMenu created and initialized
MainMenu state changed to SAVE_SELECTION
SaveSelectionMenu MenuDown pressed
SaveSelectionMenu SelectNext - Slot: 1 -> 2
SaveSelectionMenu MenuUp pressed
SaveSelectionMenu SelectPrevious - Slot: 2 -> 1
SaveSelectionMenu MenuSelect pressed - Current state: 0
SaveSelectionMenu ConfirmSelection - State: 0, Slot: 1, ShowActions: 0
Showing actions for slot 1
SaveSelectionMenu MenuDown pressed
SaveSelectionMenu MenuDown pressed
SaveSelectionMenu MenuSelect pressed - Current state: 0
SaveSelectionMenu ConfirmSelection - State: 0, Slot: 1, ShowActions: 1
SaveSelectionMenu Action selected: Back for slot 1
SaveSelectionMenu MenuDown pressed
SaveSelectionMenu SelectNext - Slot: 1 -> 2
SaveSelectionMenu MenuSelect pressed - Current state: 0
SaveSelectionMenu ConfirmSelection - State: 0, Slot: 2, ShowActions: 0
Showing actions for slot 2
SaveSelectionMenu MenuDown pressed
SaveSelectionMenu MenuUp pressed
SaveSelectionMenu MenuSelect pressed - Current state: 0
SaveSelectionMenu ConfirmSelection - State: 0, Slot: 2, ShowActions: 1
SaveSelectionMenu Action selected: Create for slot 2
WorldEditor created for slot 2
Opening World Editor for slot -1
World Editor closed, returning to save selection
SaveSelectionMenu MenuUp pressed
SaveSelectionMenu SelectPrevious - Slot: 2 -> 1
SaveSelectionMenu MenuSelect pressed - Current state: 0
SaveSelectionMenu ConfirmSelection - State: 0, Slot: 1, ShowActions: 0
Showing actions for slot 1
SaveSelectionMenu MenuDown pressed
SaveSelectionMenu MenuUp pressed
