=== DEBUG LOG STARTED ===

Default console size set to 80x25
=== GAME INITIALIZATION STARTED ===

=== MainMenu::InitializeSaveSelection ===
Mode: 0
Current MainMenu state: 0
=== SaveSelectionMenu CONSTRUCTOR ===
Mode: 0
Initial state: 0
Selected slot: 1
Constructor completed. Saves count: 5
=== END CONSTRUCTOR ===
SaveSelectionMenu Initialize() - State reset to MAIN_LIST
Current state after init: 0
New SaveSelectionMenu created and initialized
MainMenu state changed to SAVE_SELECTION
SaveSelectionMenu MenuSelect pressed - Current state: 0
SaveSelectionMenu ConfirmSelection - State: 0, Slot: 1, ShowActions: 0
Showing actions for slot 1
SaveSelectionMenu MenuDown pressed
SaveSelectionMenu MenuDown pressed
SaveSelectionMenu MenuSelect pressed - Current state: 0
SaveSelectionMenu ConfirmSelection - State: 0, Slot: 1, ShowActions: 1
SaveSelectionMenu Action selected: Back for slot 1
SaveSelectionMenu MenuDown pressed
SaveSelectionMenu SelectNext - Slot: 1 -> 2
SaveSelectionMenu MenuDown pressed
SaveSelectionMenu SelectNext - Slot: 2 -> 3
SaveSelectionMenu MenuDown pressed
SaveSelectionMenu SelectNext - Slot: 3 -> 4
SaveSelectionMenu MenuDown pressed
SaveSelectionMenu SelectNext - Slot: 4 -> 5
SaveSelectionMenu MenuSelect pressed - Current state: 0
SaveSelectionMenu ConfirmSelection - State: 0, Slot: 5, ShowActions: 0
Showing actions for slot 5
SaveSelectionMenu MenuSelect pressed - Current state: 0
SaveSelectionMenu ConfirmSelection - State: 0, Slot: 5, ShowActions: 1
SaveSelectionMenu Action selected: Load for slot 5
SaveSelectionMenu Loading save slot 5
Loading save from slot 5
Successfully loaded save: New_World
Save loaded successfully, starting game...
MainMenu::RunSaveSelection - Starting game from save
SaveSelectionMenu destroyed, game starting from save...
Starting game from save: mode=0, slot=5
Loading save from slot 5
Successfully loaded save: New_World
Loading world from save configuration...
Initializing ConfigManager

Loading player configuration from: config/player.cfg
Player configuration loaded: 9 parameters
Player config - HP: 20 (enabled), Hunger: 20 (disabled)
=== LOADING TILE TYPES FROM: config/tiles.json ===
File opened successfully, size: 459 bytes
Cleaned JSON: [  {    "id": 0,    "name": "grass",    "character": ".",    "color": 8,    "isPassable": true,    "isDestructible": false,    "damage": 0  },  {    "id": 1,    "name": "water",    "character": "+",    "color": 2,    "isPassable": false,    "isDestructible": false,    "damage": 0  },  {    "id": 2,    "name": "mountain",    "character": "#",    "color": 13,    "isPassable": false,    "isDestructible": false,    "damage": 0  }]

Found object: {    "id": 0,    "name": "grass",    "character": ".",    "color": 8,    "isPassable": true,    "isDestructible": false,    "damage": 0  }
Found object: {    "id": 1,    "name": "water",    "character": "+",    "color": 2,    "isPassable": false,    "isDestructible": false,    "damage": 0  }
Found object: {    "id": 2,    "name": "mountain",    "character": "#",    "color": 13,    "isPassable": false,    "isDestructible": false,    "damage": 0  }

Parsed 3 objects from JSON array
Found 3 tile objects in JSON

Parsed tile - id: 0, name: grass, character: '.', color: 8, passable: true
Successfully registered tile: grass
Parsed tile - id: 1, name: water, character: '+', color: 2, passable: false
Successfully registered tile: water
Parsed tile - id: 2, name: mountain, character: '#', color: 13, passable: false
Successfully registered tile: mountain

=== TILE LOADING COMPLETED: 3 tiles loaded ===

=== LOADED TILES SUMMARY ===

Tile 0: '.' - grass (color: 8)
Tile 1: '+' - water (color: 2)
Tile 2: '#' - mountain (color: 13)

=== END LOADED TILES SUMMARY ===

=== LOADED FOOD SUMMARY ===

Loaded food: Hope (ID: 1, XP: 10)
Loaded food: Faith (ID: 2, XP: 15)
Loaded food: Star (ID: 3, XP: 30)
Loaded food: Abyss (ID: 4, XP: 5)

Food manager loaded 4 food types

=== END LOADED FOOD SUMMARY ===

DEBUG: Started new tile '.'
DEBUG: Saved rule for tile '.'
DEBUG: Started new tile '+'
DEBUG: Saved rule for tile '+'
DEBUG: Started new tile '#'
DEBUG: Saved final rule for tile '#'

=== LOADED CELLULAR AUTOMATON RULES SUMMARY ===

Tile '.': 
Survival=(count['.'] >= 2 && count['.'] <= 5) || (count['.'] == 1 && count['+'] >= 6), 
Birth=(count['.'] >= 2 && count['#'] <= 1)
Death=ERROR
Tile '#': 
Survival=(count['#'] >= 2 && count['#'] <= 5) || (count['#'] == 1 && count['.'] >= 4), 
Birth=(count['#'] >= 3 && count['+'] == 0) || (count['.'] <= 3 && count['#'] >= 2)
Death=ERROR
Tile '+': 
Survival=(count['+'] >= 2 && count['+'] <= 7) || (count['.'] >= 2 && count['+'] >= 2) || (count['.'] >= 4), 
Birth=(count['+'] >= 2 && count['+'] <= 5) || (count['.'] == 0 && count['#'] <= 2) || (count['.'] >= 2)
Death=ERROR

=== END CELLULAR AUTOMATON RULES SUMMARY ===

DEBUG: Total rules loaded: 3
DEBUG: Rule for '.' is in map
DEBUG: Rule for '#' is in map
DEBUG: Rule for '+' is in map
Started watching file: config/tiles.json
Started watching file: config/food.cfg
Started watching file: config/cellular_automaton.cfg

ConfigManager initialized successfully
World config set from save: 10x10, seed: 1337, mode: RANDOM
Generating world from save configuration...

=== STARTING WORLD GENERATION ===

WorldConfig settings:
  Width: 10
  Height: 10
  Seed: 1337
  NoiseFrequency: 0.700000
  GenerationMode: 0
Using parameters from save, skipping file config load
Generating random world with save parameters...
Generating random world...
Content size: 10x10
Total size with border: 12x12
Generation mode: RANDOM
Using seed: 1337
Cellular automaton config is available (external)
Looking for terrain type: water
Looking for terrain type: grass
Looking for terrain type: mountain
Zone-based terrain generated: 62 tiles placed
  '.' (grass): 62
Creating border with tile ID: 2
Border created successfully
Smoothing terrain with natural transitions...
Looking for terrain type: water
Looking for terrain type: grass
Looking for terrain type: mountain
Attempting to spawn 10 food items
Spawned Hope at 7,4
Spawned Hope at 7,2
Spawned Star at 9,9
Spawned Star at 6,9
Spawned Faith at 3,1
Food spawning completed: 10/10 items spawned (10 attempts)
=== WORLD GENERATION COMPLETED ===
=== WORLD GENERATION COMPLETED ===
Screen size set to: 70x14 (world: 12x12 + UI)
World loaded successfully from save
World size: 10x10
Render system size: 12x12
Player position: 5,5
=== GAME STARTED FROM SAVE ===
UI redrawn - Steps: 0, HP: 30, FPS: 471
UI redrawn - Steps: 0, HP: 30, FPS: 422
UI redrawn - Steps: 0, HP: 30, FPS: 440
UI redrawn - Steps: 0, HP: 30, FPS: 414
Player moved - updating cellular automaton
Cellular automaton: 100 births, 0 deaths (0 natural)
=== CELLULAR AUTOMATON UPDATE COMPLETE ===
Hunger decreased: 19/20
UI redrawn - Steps: 1, HP: 30, FPS: 557
Player moved - updating cellular automaton
Cellular automaton: 100 births, 0 deaths (0 natural)
=== CELLULAR AUTOMATON UPDATE COMPLETE ===
Hunger decreased: 18/20
Player moved - updating cellular automaton
Cellular automaton: 100 births, 0 deaths (0 natural)
=== CELLULAR AUTOMATON UPDATE COMPLETE ===
Hunger decreased: 17/20
UI redrawn - Steps: 3, HP: 30, FPS: 479
UI redrawn - Steps: 3, HP: 30, FPS: 439
Player moved - updating cellular automaton
Cellular automaton: 100 births, 0 deaths (0 natural)
=== CELLULAR AUTOMATON UPDATE COMPLETE ===
Hunger decreased: 16/20
UI redrawn - Steps: 4, HP: 30, FPS: 415
Player moved - updating cellular automaton
Cellular automaton: 100 births, 0 deaths (0 natural)
=== CELLULAR AUTOMATON UPDATE COMPLETE ===
Hunger decreased: 15/20
Gained 10 XP! Total: 10/100, Lifetime: 10
Food collected: Hope at 4,9
Collected Hope - Hunger: +15, HP: +0, XP: +10 | Now: HP=30/30, Hunger=20/20, XP=10/100, Level=1
Player moved - updating cellular automaton
Cellular automaton: 100 births, 0 deaths (0 natural)
=== CELLULAR AUTOMATON UPDATE COMPLETE ===
Hunger decreased: 19/20
Player moved - updating cellular automaton
Cellular automaton: 100 births, 0 deaths (0 natural)
=== CELLULAR AUTOMATON UPDATE COMPLETE ===
Hunger decreased: 18/20
UI redrawn - Steps: 7, HP: 30, FPS: 507
Player moved - updating cellular automaton
Cellular automaton: 100 births, 0 deaths (0 natural)
=== CELLULAR AUTOMATON UPDATE COMPLETE ===
Hunger decreased: 17/20
Player moved - updating cellular automaton
Cellular automaton: 100 births, 0 deaths (0 natural)
=== CELLULAR AUTOMATON UPDATE COMPLETE ===
Hunger decreased: 16/20
Player moved - updating cellular automaton
Cellular automaton: 100 births, 0 deaths (0 natural)
=== CELLULAR AUTOMATON UPDATE COMPLETE ===
Hunger decreased: 15/20
Player moved - updating cellular automaton
Cellular automaton: 100 births, 0 deaths (0 natural)
=== CELLULAR AUTOMATON UPDATE COMPLETE ===
Hunger decreased: 14/20
Gained 30 XP! Total: 40/100, Lifetime: 40
Food collected: Star at 6,9
Collected Star - Hunger: +20, HP: +30, XP: +30 | Now: HP=30/30, Hunger=20/20, XP=40/100, Level=1
UI redrawn - Steps: 11, HP: 30, FPS: 523
Player moved - updating cellular automaton
Cellular automaton: 100 births, 0 deaths (0 natural)
=== CELLULAR AUTOMATON UPDATE COMPLETE ===
Hunger decreased: 19/20
Player moved - updating cellular automaton
Cellular automaton: 100 births, 0 deaths (0 natural)
=== CELLULAR AUTOMATON UPDATE COMPLETE ===
Hunger decreased: 18/20
Player moved - updating cellular automaton
Cellular automaton: 100 births, 0 deaths (0 natural)
=== CELLULAR AUTOMATON UPDATE COMPLETE ===
Hunger decreased: 17/20
Gained 30 XP! Total: 70/100, Lifetime: 70
Food collected: Star at 9,9
Collected Star - Hunger: +20, HP: +30, XP: +30 | Now: HP=30/30, Hunger=20/20, XP=70/100, Level=1
Player moved - updating cellular automaton
Cellular automaton: 100 births, 0 deaths (0 natural)
=== CELLULAR AUTOMATON UPDATE COMPLETE ===
Hunger decreased: 19/20
UI redrawn - Steps: 15, HP: 30, FPS: 631
Player moved - updating cellular automaton
Cellular automaton: 100 births, 0 deaths (0 natural)
=== CELLULAR AUTOMATON UPDATE COMPLETE ===
Hunger decreased: 18/20
Player moved - updating cellular automaton
Cellular automaton: 100 births, 0 deaths (0 natural)
=== CELLULAR AUTOMATON UPDATE COMPLETE ===
Hunger decreased: 17/20
Player moved - updating cellular automaton
Cellular automaton: 100 births, 0 deaths (0 natural)
=== CELLULAR AUTOMATON UPDATE COMPLETE ===
Hunger decreased: 16/20
Player moved - updating cellular automaton
Cellular automaton: 100 births, 0 deaths (0 natural)
=== CELLULAR AUTOMATON UPDATE COMPLETE ===
Hunger decreased: 15/20
UI redrawn - Steps: 19, HP: 30, FPS: 748
UI redrawn - Steps: 19, HP: 30, FPS: 845
Render Stats - FPS: 665 | Avg: 455 | Min: 136 | Max: 665 | Efficiency: 1% | Tiles: 2/168
Player moved - updating cellular automaton
Cellular automaton: 100 births, 0 deaths (0 natural)
=== CELLULAR AUTOMATON UPDATE COMPLETE ===
Hunger decreased: 14/20
Player moved - updating cellular automaton
Cellular automaton: 100 births, 0 deaths (0 natural)
=== CELLULAR AUTOMATON UPDATE COMPLETE ===
Hunger decreased: 13/20
UI redrawn - Steps: 21, HP: 30, FPS: 798
Player moved - updating cellular automaton
Cellular automaton: 100 births, 0 deaths (0 natural)
=== CELLULAR AUTOMATON UPDATE COMPLETE ===
Hunger decreased: 12/20
Player moved - updating cellular automaton
Cellular automaton: 100 births, 0 deaths (0 natural)
=== CELLULAR AUTOMATON UPDATE COMPLETE ===
Hunger decreased: 11/20
Player moved - updating cellular automaton
Cellular automaton: 100 births, 0 deaths (0 natural)
=== CELLULAR AUTOMATON UPDATE COMPLETE ===
Hunger decreased: 10/20
Player moved - updating cellular automaton
Cellular automaton: 100 births, 0 deaths (0 natural)
=== CELLULAR AUTOMATON UPDATE COMPLETE ===
Hunger decreased: 9/20
UI redrawn - Steps: 25, HP: 30, FPS: 964
Player moved - updating cellular automaton
Cellular automaton: 100 births, 0 deaths (0 natural)
=== CELLULAR AUTOMATON UPDATE COMPLETE ===
Hunger decreased: 8/20
Player moved - updating cellular automaton
Cellular automaton: 100 births, 0 deaths (0 natural)
=== CELLULAR AUTOMATON UPDATE COMPLETE ===
Hunger decreased: 7/20
UI redrawn - Steps: 27, HP: 30, FPS: 499
Player moved - updating cellular automaton
Cellular automaton: 100 births, 0 deaths (0 natural)
=== CELLULAR AUTOMATON UPDATE COMPLETE ===
Hunger decreased: 6/20
UI redrawn - Steps: 28, HP: 30, FPS: 406
Player moved - updating cellular automaton
Cellular automaton: 100 births, 0 deaths (0 natural)
=== CELLULAR AUTOMATON UPDATE COMPLETE ===
Hunger decreased: 5/20
Player moved - updating cellular automaton
Cellular automaton: 100 births, 0 deaths (0 natural)
=== CELLULAR AUTOMATON UPDATE COMPLETE ===
Hunger decreased: 4/20
UI redrawn - Steps: 30, HP: 30, FPS: 369
Player moved - updating cellular automaton
Cellular automaton: 100 births, 0 deaths (0 natural)
=== CELLULAR AUTOMATON UPDATE COMPLETE ===
Hunger decreased: 3/20
Player moved - updating cellular automaton
Cellular automaton: 100 births, 0 deaths (0 natural)
=== CELLULAR AUTOMATON UPDATE COMPLETE ===
Hunger decreased: 2/20
Player moved - updating cellular automaton
Cellular automaton: 100 births, 0 deaths (0 natural)
=== CELLULAR AUTOMATON UPDATE COMPLETE ===
Hunger decreased: 1/20
Gained 15 XP! Total: 85/100, Lifetime: 85
Food collected: Faith at 8,6
Collected Faith - Hunger: +25, HP: +5, XP: +15 | Now: HP=30/30, Hunger=20/20, XP=85/100, Level=1
Player moved - updating cellular automaton
Cellular automaton: 100 births, 0 deaths (0 natural)
=== CELLULAR AUTOMATON UPDATE COMPLETE ===
Hunger decreased: 19/20
UI redrawn - Steps: 34, HP: 30, FPS: 554
UI redrawn - Steps: 34, HP: 30, FPS: 488
Player moved - updating cellular automaton
Cellular automaton: 100 births, 0 deaths (0 natural)
=== CELLULAR AUTOMATON UPDATE COMPLETE ===
Hunger decreased: 18/20
Gained 10 XP! Total: 95/100, Lifetime: 95
Food collected: Hope at 8,4
Collected Hope - Hunger: +15, HP: +0, XP: +10 | Now: HP=30/30, Hunger=20/20, XP=95/100, Level=1
Player moved - updating cellular automaton
Cellular automaton: 100 births, 0 deaths (0 natural)
=== CELLULAR AUTOMATON UPDATE COMPLETE ===
Hunger decreased: 19/20
UI redrawn - Steps: 36, HP: 30, FPS: 367
UI redrawn - Steps: 36, HP: 30, FPS: 549
Player moved - updating cellular automaton
Cellular automaton: 100 births, 0 deaths (0 natural)
=== CELLULAR AUTOMATON UPDATE COMPLETE ===
Hunger decreased: 18/20
Player moved - updating cellular automaton
Cellular automaton: 100 births, 0 deaths (0 natural)
=== CELLULAR AUTOMATON UPDATE COMPLETE ===
Hunger decreased: 17/20
UI redrawn - Steps: 38, HP: 30, FPS: 438
Player moved - updating cellular automaton
Cellular automaton: 100 births, 0 deaths (0 natural)
=== CELLULAR AUTOMATON UPDATE COMPLETE ===
Hunger decreased: 16/20
Gained 10 XP! Total: 105/100, Lifetime: 105
LEVEL UP! Reached level 2! Next level at 150 XP
Food collected: Hope at 6,2
Collected Hope - Hunger: +15, HP: +0, XP: +10 | Now: HP=30/30, Hunger=20/20, XP=5/150, Level=2
UI redrawn - Steps: 39, HP: 30, FPS: 529
UI redrawn - Steps: 39, HP: 30, FPS: 365
UI redrawn - Steps: 39, HP: 30, FPS: 381
UI redrawn - Steps: 39, HP: 30, FPS: 707
Render Stats - FPS: 537 | Avg: 469 | Min: 136 | Max: 665 | Efficiency: 1% | Tiles: 2/168
UI redrawn - Steps: 39, HP: 30, FPS: 356
UI redrawn - Steps: 39, HP: 30, FPS: 558
UI redrawn - Steps: 39, HP: 30, FPS: 357
UI redrawn - Steps: 39, HP: 30, FPS: 566
UI redrawn - Steps: 39, HP: 30, FPS: 475
Player moved - updating cellular automaton
Cellular automaton: 100 births, 0 deaths (0 natural)
=== CELLULAR AUTOMATON UPDATE COMPLETE ===
Hunger decreased: 19/20
Gained 10 XP! Total: 15/150, Lifetime: 115
Food collected: Hope at 7,2
Collected Hope - Hunger: +15, HP: +0, XP: +10 | Now: HP=30/30, Hunger=20/20, XP=15/150, Level=2
UI redrawn - Steps: 40, HP: 30, FPS: 395
UI redrawn - Steps: 40, HP: 30, FPS: 843
UI redrawn - Steps: 40, HP: 30, FPS: 477
Player moved - updating cellular automaton
Cellular automaton: 100 births, 0 deaths (0 natural)
=== CELLULAR AUTOMATON UPDATE COMPLETE ===
Hunger decreased: 19/20
Player moved - updating cellular automaton
Cellular automaton: 100 births, 0 deaths (0 natural)
=== CELLULAR AUTOMATON UPDATE COMPLETE ===
Hunger decreased: 18/20
Gained 10 XP! Total: 25/150, Lifetime: 125
Food collected: Hope at 7,4
Collected Hope - Hunger: +15, HP: +0, XP: +10 | Now: HP=30/30, Hunger=20/20, XP=25/150, Level=2
Player moved - updating cellular automaton
Cellular automaton: 100 births, 0 deaths (0 natural)
=== CELLULAR AUTOMATON UPDATE COMPLETE ===
Hunger decreased: 19/20
UI redrawn - Steps: 43, HP: 30, FPS: 450
Player moved - updating cellular automaton
Cellular automaton: 100 births, 0 deaths (0 natural)
=== CELLULAR AUTOMATON UPDATE COMPLETE ===
Hunger decreased: 18/20
UI redrawn - Steps: 44, HP: 30, FPS: 567
Player moved - updating cellular automaton
Cellular automaton: 100 births, 0 deaths (0 natural)
=== CELLULAR AUTOMATON UPDATE COMPLETE ===
Hunger decreased: 17/20
Player moved - updating cellular automaton
Cellular automaton: 100 births, 0 deaths (0 natural)
=== CELLULAR AUTOMATON UPDATE COMPLETE ===
Hunger decreased: 16/20
Player moved - updating cellular automaton
Cellular automaton: 100 births, 0 deaths (0 natural)
=== CELLULAR AUTOMATON UPDATE COMPLETE ===
Hunger decreased: 15/20
Gained 10 XP! Total: 35/150, Lifetime: 135
Food collected: Hope at 9,3
Collected Hope - Hunger: +15, HP: +0, XP: +10 | Now: HP=30/30, Hunger=20/20, XP=35/150, Level=2
Attempting to spawn 10 food items
Spawned Faith at 2,4
Spawned Hope at 1,2
Spawned Hope at 6,5
Spawned Hope at 5,4
Spawned Abyss at 5,5
Food spawning completed: 10/10 items spawned (10 attempts)
Periodic food respawn: added 10 items
Player moved - updating cellular automaton
Cellular automaton: 100 births, 0 deaths (0 natural)
=== CELLULAR AUTOMATON UPDATE COMPLETE ===
Hunger decreased: 19/20
UI redrawn - Steps: 48, HP: 30, FPS: 464
Player moved - updating cellular automaton
Cellular automaton: 100 births, 0 deaths (0 natural)
=== CELLULAR AUTOMATON UPDATE COMPLETE ===
Hunger decreased: 18/20
Player moved - updating cellular automaton
Cellular automaton: 100 births, 0 deaths (0 natural)
=== CELLULAR AUTOMATON UPDATE COMPLETE ===
Hunger decreased: 17/20
Player moved - updating cellular automaton
Cellular automaton: 100 births, 0 deaths (0 natural)
=== CELLULAR AUTOMATON UPDATE COMPLETE ===
Hunger decreased: 16/20
Player moved - updating cellular automaton
Cellular automaton: 100 births, 0 deaths (0 natural)
=== CELLULAR AUTOMATON UPDATE COMPLETE ===
Hunger decreased: 15/20
UI redrawn - Steps: 52, HP: 30, FPS: 597
Player moved - updating cellular automaton
Cellular automaton: 100 births, 0 deaths (0 natural)
=== CELLULAR AUTOMATON UPDATE COMPLETE ===
Hunger decreased: 14/20
Player moved - updating cellular automaton
Cellular automaton: 100 births, 0 deaths (0 natural)
=== CELLULAR AUTOMATON UPDATE COMPLETE ===
Hunger decreased: 13/20
Player moved - updating cellular automaton
Cellular automaton: 100 births, 0 deaths (0 natural)
=== CELLULAR AUTOMATON UPDATE COMPLETE ===
Hunger decreased: 12/20
Player moved - updating cellular automaton
Cellular automaton: 100 births, 0 deaths (0 natural)
=== CELLULAR AUTOMATON UPDATE COMPLETE ===
Hunger decreased: 11/20
UI redrawn - Steps: 56, HP: 30, FPS: 564
Player moved - updating cellular automaton
Cellular automaton: 100 births, 0 deaths (0 natural)
=== CELLULAR AUTOMATON UPDATE COMPLETE ===
Hunger decreased: 10/20
Player moved - updating cellular automaton
Cellular automaton: 100 births, 0 deaths (0 natural)
=== CELLULAR AUTOMATON UPDATE COMPLETE ===
Hunger decreased: 9/20
Render Stats - FPS: 508 | Avg: 468 | Min: 136 | Max: 665 | Efficiency: 1% | Tiles: 2/168
Player moved - updating cellular automaton
Cellular automaton: 100 births, 0 deaths (0 natural)
=== CELLULAR AUTOMATON UPDATE COMPLETE ===
Hunger decreased: 8/20
UI redrawn - Steps: 59, HP: 30, FPS: 508
Player moved - updating cellular automaton
Cellular automaton: 100 births, 0 deaths (0 natural)
=== CELLULAR AUTOMATON UPDATE COMPLETE ===
Hunger decreased: 7/20
Gained 10 XP! Total: 45/150, Lifetime: 145
Food collected: Hope at 1,2
Collected Hope - Hunger: +15, HP: +0, XP: +10 | Now: HP=30/30, Hunger=20/20, XP=45/150, Level=2
Player moved - updating cellular automaton
Cellular automaton: 100 births, 0 deaths (0 natural)
=== CELLULAR AUTOMATON UPDATE COMPLETE ===
Hunger decreased: 19/20
UI redrawn - Steps: 61, HP: 30, FPS: 360
Player moved - updating cellular automaton
Cellular automaton: 100 births, 0 deaths (0 natural)
=== CELLULAR AUTOMATON UPDATE COMPLETE ===
Hunger decreased: 18/20
Player moved - updating cellular automaton
Cellular automaton: 100 births, 0 deaths (0 natural)
=== CELLULAR AUTOMATON UPDATE COMPLETE ===
Hunger decreased: 17/20
Gained 15 XP! Total: 60/150, Lifetime: 160
Food collected: Faith at 3,1
Collected Faith - Hunger: +25, HP: +5, XP: +15 | Now: HP=30/30, Hunger=20/20, XP=60/150, Level=2
Player moved - updating cellular automaton
Cellular automaton: 100 births, 0 deaths (0 natural)
=== CELLULAR AUTOMATON UPDATE COMPLETE ===
Hunger decreased: 19/20
UI redrawn - Steps: 64, HP: 30, FPS: 470
Player moved - updating cellular automaton
Cellular automaton: 100 births, 0 deaths (0 natural)
=== CELLULAR AUTOMATON UPDATE COMPLETE ===
Hunger decreased: 18/20
Player moved - updating cellular automaton
Cellular automaton: 100 births, 0 deaths (0 natural)
=== CELLULAR AUTOMATON UPDATE COMPLETE ===
Hunger decreased: 17/20
Player moved - updating cellular automaton
Cellular automaton: 100 births, 0 deaths (0 natural)
=== CELLULAR AUTOMATON UPDATE COMPLETE ===
Hunger decreased: 16/20
UI redrawn - Steps: 67, HP: 30, FPS: 444
Player moved - updating cellular automaton
Cellular automaton: 100 births, 0 deaths (0 natural)
=== CELLULAR AUTOMATON UPDATE COMPLETE ===
Hunger decreased: 15/20
Player moved - updating cellular automaton
Cellular automaton: 100 births, 0 deaths (0 natural)
=== CELLULAR AUTOMATON UPDATE COMPLETE ===
Hunger decreased: 14/20
Player moved - updating cellular automaton
Cellular automaton: 100 births, 0 deaths (0 natural)
=== CELLULAR AUTOMATON UPDATE COMPLETE ===
Hunger decreased: 13/20
Player moved - updating cellular automaton
Cellular automaton: 100 births, 0 deaths (0 natural)
=== CELLULAR AUTOMATON UPDATE COMPLETE ===
Hunger decreased: 12/20
UI redrawn - Steps: 71, HP: 30, FPS: 570
Player moved - updating cellular automaton
Cellular automaton: 100 births, 0 deaths (0 natural)
=== CELLULAR AUTOMATON UPDATE COMPLETE ===
Hunger decreased: 11/20
Gained 10 XP! Total: 70/150, Lifetime: 170
Food collected: Hope at 1,6
Collected Hope - Hunger: +15, HP: +0, XP: +10 | Now: HP=30/30, Hunger=20/20, XP=70/150, Level=2
Player moved - updating cellular automaton
Cellular automaton: 100 births, 0 deaths (0 natural)
=== CELLULAR AUTOMATON UPDATE COMPLETE ===
Hunger decreased: 19/20
Player moved - updating cellular automaton
Cellular automaton: 100 births, 0 deaths (0 natural)
=== CELLULAR AUTOMATON UPDATE COMPLETE ===
Hunger decreased: 18/20
UI redrawn - Steps: 74, HP: 30, FPS: 530
Player moved - updating cellular automaton
Cellular automaton: 100 births, 0 deaths (0 natural)
=== CELLULAR AUTOMATON UPDATE COMPLETE ===
Hunger decreased: 17/20
Gained 15 XP! Total: 85/150, Lifetime: 185
Food collected: Faith at 2,4
Collected Faith - Hunger: +25, HP: +5, XP: +15 | Now: HP=30/30, Hunger=20/20, XP=85/150, Level=2
Player moved - updating cellular automaton
Cellular automaton: 100 births, 0 deaths (0 natural)
=== CELLULAR AUTOMATON UPDATE COMPLETE ===
Hunger decreased: 19/20
UI redrawn - Steps: 76, HP: 30, FPS: 422
Player moved - updating cellular automaton
Cellular automaton: 100 births, 0 deaths (0 natural)
=== CELLULAR AUTOMATON UPDATE COMPLETE ===
Hunger decreased: 18/20
Player moved - updating cellular automaton
Cellular automaton: 100 births, 0 deaths (0 natural)
=== CELLULAR AUTOMATON UPDATE COMPLETE ===
Hunger decreased: 17/20
Gained 10 XP! Total: 95/150, Lifetime: 195
Food collected: Hope at 5,4
Collected Hope - Hunger: +15, HP: +0, XP: +10 | Now: HP=30/30, Hunger=20/20, XP=95/150, Level=2
Player moved - updating cellular automaton
Cellular automaton: 100 births, 0 deaths (0 natural)
=== CELLULAR AUTOMATON UPDATE COMPLETE ===
Hunger decreased: 19/20
Player moved - updating cellular automaton
Cellular automaton: 100 births, 0 deaths (0 natural)
=== CELLULAR AUTOMATON UPDATE COMPLETE ===
Hunger decreased: 18/20
Gained 10 XP! Total: 105/150, Lifetime: 205
Food collected: Hope at 6,5
Collected Hope - Hunger: +15, HP: +0, XP: +10 | Now: HP=30/30, Hunger=20/20, XP=105/150, Level=2
UI redrawn - Steps: 80, HP: 30, FPS: 414
Player moved - updating cellular automaton
Cellular automaton: 100 births, 0 deaths (0 natural)
=== CELLULAR AUTOMATON UPDATE COMPLETE ===
Hunger decreased: 19/20
Player moved - updating cellular automaton
Cellular automaton: 100 births, 0 deaths (0 natural)
=== CELLULAR AUTOMATON UPDATE COMPLETE ===
Hunger decreased: 18/20
UI redrawn - Steps: 82, HP: 30, FPS: 429
Player moved - updating cellular automaton
Cellular automaton: 100 births, 0 deaths (0 natural)
=== CELLULAR AUTOMATON UPDATE COMPLETE ===
Hunger decreased: 17/20
Player moved - updating cellular automaton
Cellular automaton: 100 births, 0 deaths (0 natural)
=== CELLULAR AUTOMATON UPDATE COMPLETE ===
Hunger decreased: 16/20
UI redrawn - Steps: 84, HP: 30, FPS: 404
Player moved - updating cellular automaton
Cellular automaton: 100 births, 0 deaths (0 natural)
=== CELLULAR AUTOMATON UPDATE COMPLETE ===
Hunger decreased: 15/20
Gained 5 XP! Total: 110/150, Lifetime: 210
Food collected: Abyss at 5,5
Collected Abyss - Hunger: +5, HP: +-10, XP: +5 | Now: HP=20/30, Hunger=20/20, XP=110/150, Level=2
UI redrawn - Steps: 85, HP: 20, FPS: 394
Player moved - updating cellular automaton
Cellular automaton: 100 births, 0 deaths (0 natural)
=== CELLULAR AUTOMATON UPDATE COMPLETE ===
Hunger decreased: 19/20
Player moved - updating cellular automaton
Cellular automaton: 100 births, 0 deaths (0 natural)
=== CELLULAR AUTOMATON UPDATE COMPLETE ===
Hunger decreased: 18/20
Player moved - updating cellular automaton
Cellular automaton: 100 births, 0 deaths (0 natural)
=== CELLULAR AUTOMATON UPDATE COMPLETE ===
Hunger decreased: 17/20
UI redrawn - Steps: 88, HP: 20, FPS: 442
UI redrawn - Steps: 88, HP: 20, FPS: 391
Game paused
Pause menu requested return to main menu
Returning to main menu from pause...
Default console size set to 80x25
Successfully returned to main menu
=== MainMenu::InitializeSaveSelection ===
Mode: 0
Current MainMenu state: 0
=== SaveSelectionMenu CONSTRUCTOR ===
Mode: 0
Initial state: 0
Selected slot: 1
Constructor completed. Saves count: 5
=== END CONSTRUCTOR ===
SaveSelectionMenu Initialize() - State reset to MAIN_LIST
Current state after init: 0
New SaveSelectionMenu created and initialized
MainMenu state changed to SAVE_SELECTION
SaveSelectionMenu MenuDown pressed
SaveSelectionMenu SelectNext - Slot: 1 -> 2
